// Jest Snapshot v1, https://goo.gl/fbAQLP

exports[`AlgebraPool gas tests [ @skip-on-coverage ] Filled VolatilityOracle swaps dynamic fee large swap crossing several initialized ticks 1`] = `219662`;

exports[`AlgebraPool gas tests [ @skip-on-coverage ] Filled VolatilityOracle swaps dynamic fee small swap with filled volatilityOracle 1`] = `171994`;

exports[`AlgebraPool gas tests [ @skip-on-coverage ] Filled VolatilityOracle swaps dynamic fee small swap with filled volatilityOracle after 4h 1`] = `207432`;

exports[`AlgebraPool gas tests [ @skip-on-coverage ] Filled VolatilityOracle swaps dynamic fee small swap with filled volatilityOracle after 8h 1`] = `200218`;

exports[`AlgebraPool gas tests [ @skip-on-coverage ] Filled VolatilityOracle swaps dynamic fee small swap with filled volatilityOracle after 24h 1`] = `168377`;

exports[`AlgebraPool gas tests [ @skip-on-coverage ] Filled VolatilityOracle swaps static fee large swap crossing several initialized ticks 1`] = `216776`;

exports[`AlgebraPool gas tests [ @skip-on-coverage ] Filled VolatilityOracle swaps static fee small swap with filled volatilityOracle 1`] = `166731`;

exports[`AlgebraPool gas tests [ @skip-on-coverage ] Filled VolatilityOracle swaps static fee small swap with filled volatilityOracle after 4h 1`] = `200196`;

exports[`AlgebraPool gas tests [ @skip-on-coverage ] Filled VolatilityOracle swaps static fee small swap with filled volatilityOracle after 8h 1`] = `211130`;

exports[`AlgebraPool gas tests [ @skip-on-coverage ] Filled VolatilityOracle swaps static fee small swap with filled volatilityOracle after 24h 1`] = `166203`;

exports[`AlgebraPool gas tests [ @skip-on-coverage ] Positions #burn above current price burn when only position using ticks 1`] = `115316`;

exports[`AlgebraPool gas tests [ @skip-on-coverage ] Positions #burn above current price entire position burn but other positions are using the ticks 1`] = `108670`;

exports[`AlgebraPool gas tests [ @skip-on-coverage ] Positions #burn above current price partial position burn 1`] = `113470`;

exports[`AlgebraPool gas tests [ @skip-on-coverage ] Positions #burn around current price burn when only position using ticks 1`] = `125195`;

exports[`AlgebraPool gas tests [ @skip-on-coverage ] Positions #burn around current price entire position burn but other positions are using the ticks 1`] = `113078`;

exports[`AlgebraPool gas tests [ @skip-on-coverage ] Positions #burn around current price partial position burn 1`] = `117878`;

exports[`AlgebraPool gas tests [ @skip-on-coverage ] Positions #burn below current price burn when only position using ticks 1`] = `124752`;

exports[`AlgebraPool gas tests [ @skip-on-coverage ] Positions #burn below current price entire position burn but other positions are using the ticks 1`] = `109332`;

exports[`AlgebraPool gas tests [ @skip-on-coverage ] Positions #burn below current price partial position burn 1`] = `114132`;

exports[`AlgebraPool gas tests [ @skip-on-coverage ] Positions #collect close to worst case 1`] = `52499`;

exports[`AlgebraPool gas tests [ @skip-on-coverage ] Positions #collect close to worst case, two tokens 1`] = `70218`;

exports[`AlgebraPool gas tests [ @skip-on-coverage ] Positions #mint above current price add to position existing 1`] = `126222`;

exports[`AlgebraPool gas tests [ @skip-on-coverage ] Positions #mint above current price new position mint first in range 1`] = `280085`;

exports[`AlgebraPool gas tests [ @skip-on-coverage ] Positions #mint above current price second position in same range 1`] = `143322`;

exports[`AlgebraPool gas tests [ @skip-on-coverage ] Positions #mint around current price add to position existing 1`] = `151291`;

exports[`AlgebraPool gas tests [ @skip-on-coverage ] Positions #mint around current price new position mint first in range 1`] = `358199`;

exports[`AlgebraPool gas tests [ @skip-on-coverage ] Positions #mint around current price second position in same range 1`] = `168391`;

exports[`AlgebraPool gas tests [ @skip-on-coverage ] Positions #mint below current price add to position existing 1`] = `126791`;

exports[`AlgebraPool gas tests [ @skip-on-coverage ] Positions #mint below current price new position mint first in range 1`] = `354431`;

exports[`AlgebraPool gas tests [ @skip-on-coverage ] Positions #mint below current price second position in same range 1`] = `143891`;

exports[`AlgebraPool gas tests [ @skip-on-coverage ] Positions #poke best case 1`] = `61524`;

exports[`AlgebraPool gas tests [ @skip-on-coverage ] fee is off #swap #swapExact0For1 first swap in block moves tick, no initialized crossings 1`] = `161261`;

exports[`AlgebraPool gas tests [ @skip-on-coverage ] fee is off #swap #swapExact0For1 first swap in block with no tick movement 1`] = `161230`;

exports[`AlgebraPool gas tests [ @skip-on-coverage ] fee is off #swap #swapExact0For1 first swap in block with no tick movement, static fee 1`] = `162081`;

exports[`AlgebraPool gas tests [ @skip-on-coverage ] fee is off #swap #swapExact0For1 first swap in block, large swap crossing a single initialized tick 1`] = `177769`;

exports[`AlgebraPool gas tests [ @skip-on-coverage ] fee is off #swap #swapExact0For1 first swap in block, large swap crossing several initialized ticks 1`] = `211163`;

exports[`AlgebraPool gas tests [ @skip-on-coverage ] fee is off #swap #swapExact0For1 first swap in block, large swap, no initialized crossings 1`] = `161328`;

exports[`AlgebraPool gas tests [ @skip-on-coverage ] fee is off #swap #swapExact0For1 large swap crossing several initialized ticks after some time passes 1`] = `211163`;

exports[`AlgebraPool gas tests [ @skip-on-coverage ] fee is off #swap #swapExact0For1 large swap crossing several initialized ticks second time after some time passes 1`] = `230363`;

exports[`AlgebraPool gas tests [ @skip-on-coverage ] fee is off #swap #swapExact0For1 second swap in block moves tick, no initialized crossings 1`] = `125672`;

exports[`AlgebraPool gas tests [ @skip-on-coverage ] fee is off #swap #swapExact0For1 second swap in block with no tick movement 1`] = `125636`;

exports[`AlgebraPool gas tests [ @skip-on-coverage ] fee is off #swap #swapExact0For1 second swap in block, large swap crossing a single initialized tick 1`] = `141365`;

exports[`AlgebraPool gas tests [ @skip-on-coverage ] fee is off #swap #swapExact0For1 second swap in block, large swap crossing several initialized ticks 1`] = `175580`;

exports[`AlgebraPool gas tests [ @skip-on-coverage ] fee is off #swap #swapExact0For1 several large swaps with pauses 1`] = `238162`;

exports[`AlgebraPool gas tests [ @skip-on-coverage ] fee is off #swap #swapExact0For1 small swap after several large swaps with pauses 1`] = `168898`;

exports[`AlgebraPool gas tests [ @skip-on-coverage ] fee is off #swap #swapExact1For0 first swap in block moves tick, no initialized crossings 1`] = `161322`;

exports[`AlgebraPool gas tests [ @skip-on-coverage ] fee is off #swap #swapExact1For0 first swap in block with no tick movement 1`] = `161270`;

exports[`AlgebraPool gas tests [ @skip-on-coverage ] fee is off #swap #swapExact1For0 second swap in block with no tick movement 1`] = `125697`;

exports[`AlgebraPool gas tests [ @skip-on-coverage ] fee is off #swap farming connected first swap in block moves tick, no initialized crossings 1`] = `193888`;

exports[`AlgebraPool gas tests [ @skip-on-coverage ] fee is off #swap farming connected first swap in block with no tick movement 1`] = `193836`;

exports[`AlgebraPool gas tests [ @skip-on-coverage ] fee is off #swap farming connected second swap in block with no tick movement 1`] = `141163`;

exports[`AlgebraPool gas tests [ @skip-on-coverage ] fee is on #swap #swapExact0For1 first swap in block moves tick, no initialized crossings 1`] = `169084`;

exports[`AlgebraPool gas tests [ @skip-on-coverage ] fee is on #swap #swapExact0For1 first swap in block with no tick movement 1`] = `169053`;

exports[`AlgebraPool gas tests [ @skip-on-coverage ] fee is on #swap #swapExact0For1 first swap in block with no tick movement, static fee 1`] = `162318`;

exports[`AlgebraPool gas tests [ @skip-on-coverage ] fee is on #swap #swapExact0For1 first swap in block, large swap crossing a single initialized tick 1`] = `185829`;

exports[`AlgebraPool gas tests [ @skip-on-coverage ] fee is on #swap #swapExact0For1 first swap in block, large swap crossing several initialized ticks 1`] = `219934`;

exports[`AlgebraPool gas tests [ @skip-on-coverage ] fee is on #swap #swapExact0For1 first swap in block, large swap, no initialized crossings 1`] = `169151`;

exports[`AlgebraPool gas tests [ @skip-on-coverage ] fee is on #swap #swapExact0For1 large swap crossing several initialized ticks after some time passes 1`] = `219934`;

exports[`AlgebraPool gas tests [ @skip-on-coverage ] fee is on #swap #swapExact0For1 large swap crossing several initialized ticks second time after some time passes 1`] = `239134`;

exports[`AlgebraPool gas tests [ @skip-on-coverage ] fee is on #swap #swapExact0For1 second swap in block moves tick, no initialized crossings 1`] = `133495`;

exports[`AlgebraPool gas tests [ @skip-on-coverage ] fee is on #swap #swapExact0For1 second swap in block with no tick movement 1`] = `133459`;

exports[`AlgebraPool gas tests [ @skip-on-coverage ] fee is on #swap #swapExact0For1 second swap in block, large swap crossing a single initialized tick 1`] = `149425`;

exports[`AlgebraPool gas tests [ @skip-on-coverage ] fee is on #swap #swapExact0For1 second swap in block, large swap crossing several initialized ticks 1`] = `184351`;

exports[`AlgebraPool gas tests [ @skip-on-coverage ] fee is on #swap #swapExact0For1 several large swaps with pauses 1`] = `246933`;

exports[`AlgebraPool gas tests [ @skip-on-coverage ] fee is on #swap #swapExact0For1 small swap after several large swaps with pauses 1`] = `169135`;

exports[`AlgebraPool gas tests [ @skip-on-coverage ] fee is on #swap #swapExact1For0 first swap in block moves tick, no initialized crossings 1`] = `169145`;

exports[`AlgebraPool gas tests [ @skip-on-coverage ] fee is on #swap #swapExact1For0 first swap in block with no tick movement 1`] = `169093`;

exports[`AlgebraPool gas tests [ @skip-on-coverage ] fee is on #swap #swapExact1For0 second swap in block with no tick movement 1`] = `133520`;

exports[`AlgebraPool gas tests [ @skip-on-coverage ] fee is on #swap farming connected first swap in block moves tick, no initialized crossings 1`] = `201711`;

exports[`AlgebraPool gas tests [ @skip-on-coverage ] fee is on #swap farming connected first swap in block with no tick movement 1`] = `201659`;

exports[`AlgebraPool gas tests [ @skip-on-coverage ] fee is on #swap farming connected second swap in block with no tick movement 1`] = `148986`;
