// Jest Snapshot v1, https://goo.gl/fbAQLP

exports[`PoolAddress #computeAddress gas cost [ @skip-on-coverage ] 1`] = `625`;

exports[`PoolAddress #computeAddress matches example from core repo 1`] = `"0x036B733f9EeD09B28E139A30224De4b2B4CbbC91"`;
